// Jest Snapshot v1, https://goo.gl/fbAQLP

exports[`Grid renderer simple render 1`] = `
"[93m0[39m [93m0[39m [102m[30m3[39m[49m [93m0[39m [96m2[39m
[93m0[39m [102m[30m3[39m[49m [94m1[39m [94m1[39m [102m[30m3[39m[49m
[93m0[39m [96m2[39m [102m[30m3[39m[49m [96m2[39m [96m2[39m
[94m1[39m [94m1[39m [96m2[39m [102m[30m3[39m[49m [102m[30m3[39m[49m
[94m1[39m [94m1[39m [102m[30m3[39m[49m [93m0[39m [93m0[39m"
`;

exports[`Grid renderer simple render 2`] = `
"0 0 3 0 2
0 3 1 1 3
0 2 3 2 2
1 1 2 3 3
1 1 3 0 0"
`;

exports[`Grid renderer simple render 3`] = `
"[102m[30m3[39m[49m [95m1[39m [102m[30m3[39m[49m [92m0[39m [92m0[39m [95m1[39m [103m[30m2[39m[49m [92m0[39m [103m[30m2[39m[49m [95m1[39m
[103m[30m2[39m[49m [92m0[39m [103m[30m2[39m[49m [102m[30m3[39m[49m [95m1[39m [95m1[39m [103m[30m2[39m[49m [95m1[39m [102m[30m3[39m[49m [92m0[39m
[102m[30m3[39m[49m [102m[30m3[39m[49m [102m[30m3[39m[49m [92m0[39m [103m[30m2[39m[49m [95m1[39m [92m0[39m [103m[30m2[39m[49m [102m[30m3[39m[49m [95m1[39m
[103m[30m2[39m[49m [92m0[39m [92m0[39m [102m[30m3[39m[49m [102m[30m3[39m[49m [92m0[39m [103m[30m2[39m[49m [103m[30m2[39m[49m [95m1[39m [102m[30m3[39m[49m
[103m[30m2[39m[49m [95m1[39m [103m[30m2[39m[49m [92m0[39m [95m1[39m [92m0[39m [95m1[39m [92m0[39m [103m[30m2[39m[49m [102m[30m3[39m[49m"
`;

exports[`Grid renderer simple render 4`] = `
"3 1 3 0 0 1 2 0 2 1
2 0 2 3 1 1 2 1 3 0
3 3 3 0 2 1 0 2 3 1
2 0 0 3 3 0 2 2 1 3
2 1 2 0 1 0 1 0 2 3"
`;

exports[`Grid renderer simple render 5`] = `
"[46m[30m0[39m[49m [104m[30m2[39m[49m [105m[30m1[39m[49m [104m[30m2[39m[49m [104m[30m2[39m[49m
[105m[30m1[39m[49m [104m[30m2[39m[49m [105m[30m1[39m[49m [95m3[39m [105m[30m1[39m[49m
[105m[30m1[39m[49m [95m3[39m [95m3[39m [104m[30m2[39m[49m [46m[30m0[39m[49m
[104m[30m2[39m[49m [104m[30m2[39m[49m [104m[30m2[39m[49m [95m3[39m [95m3[39m
[46m[30m0[39m[49m [104m[30m2[39m[49m [95m3[39m [105m[30m1[39m[49m [95m3[39m
[105m[30m1[39m[49m [105m[30m1[39m[49m [104m[30m2[39m[49m [105m[30m1[39m[49m [46m[30m0[39m[49m
[46m[30m0[39m[49m [46m[30m0[39m[49m [95m3[39m [95m3[39m [46m[30m0[39m[49m
[46m[30m0[39m[49m [104m[30m2[39m[49m [46m[30m0[39m[49m [46m[30m0[39m[49m [46m[30m0[39m[49m
[104m[30m2[39m[49m [95m3[39m [95m3[39m [95m3[39m [105m[30m1[39m[49m
[105m[30m1[39m[49m [95m3[39m [95m3[39m [105m[30m1[39m[49m [46m[30m0[39m[49m"
`;

exports[`Grid renderer simple render 6`] = `
"0 2 1 2 2
1 2 1 3 1
1 3 3 2 0
2 2 2 3 3
0 2 3 1 3
1 1 2 1 0
0 0 3 3 0
0 2 0 0 0
2 3 3 3 1
1 3 3 1 0"
`;

exports[`Grid renderer simple render 7`] = `
"[106m[30m2[39m[49m [106m[30m2[39m[49m [106m[30m2[39m[49m [31m3[39m [44m[30m1[39m[49m [31m3[39m [36m0[39m [31m3[39m [31m3[39m [36m0[39m
[36m0[39m [106m[30m2[39m[49m [36m0[39m [36m0[39m [36m0[39m [44m[30m1[39m[49m [106m[30m2[39m[49m [106m[30m2[39m[49m [36m0[39m [31m3[39m
[44m[30m1[39m[49m [31m3[39m [36m0[39m [106m[30m2[39m[49m [106m[30m2[39m[49m [36m0[39m [31m3[39m [36m0[39m [106m[30m2[39m[49m [44m[30m1[39m[49m
[44m[30m1[39m[49m [36m0[39m [31m3[39m [106m[30m2[39m[49m [31m3[39m [44m[30m1[39m[49m [36m0[39m [106m[30m2[39m[49m [36m0[39m [36m0[39m
[31m3[39m [44m[30m1[39m[49m [36m0[39m [106m[30m2[39m[49m [31m3[39m [44m[30m1[39m[49m [31m3[39m [36m0[39m [106m[30m2[39m[49m [44m[30m1[39m[49m
[31m3[39m [31m3[39m [44m[30m1[39m[49m [36m0[39m [44m[30m1[39m[49m [44m[30m1[39m[49m [31m3[39m [44m[30m1[39m[49m [106m[30m2[39m[49m [44m[30m1[39m[49m
[106m[30m2[39m[49m [31m3[39m [44m[30m1[39m[49m [36m0[39m [44m[30m1[39m[49m [31m3[39m [106m[30m2[39m[49m [36m0[39m [36m0[39m [44m[30m1[39m[49m
[31m3[39m [44m[30m1[39m[49m [44m[30m1[39m[49m [36m0[39m [106m[30m2[39m[49m [106m[30m2[39m[49m [31m3[39m [106m[30m2[39m[49m [31m3[39m [106m[30m2[39m[49m
[36m0[39m [36m0[39m [44m[30m1[39m[49m [36m0[39m [36m0[39m [36m0[39m [31m3[39m [106m[30m2[39m[49m [31m3[39m [31m3[39m
[106m[30m2[39m[49m [44m[30m1[39m[49m [106m[30m2[39m[49m [44m[30m1[39m[49m [36m0[39m [106m[30m2[39m[49m [44m[30m1[39m[49m [44m[30m1[39m[49m [31m3[39m [31m3[39m"
`;

exports[`Grid renderer simple render 8`] = `
"2 2 2 3 1 3 0 3 3 0
0 2 0 0 0 1 2 2 0 3
1 3 0 2 2 0 3 0 2 1
1 0 3 2 3 1 0 2 0 0
3 1 0 2 3 1 3 0 2 1
3 3 1 0 1 1 3 1 2 1
2 3 1 0 1 3 2 0 0 1
3 1 1 0 2 2 3 2 3 2
0 0 1 0 0 0 3 2 3 3
2 1 2 1 0 2 1 1 3 3"
`;

exports[`Grid renderer simple render 9`] = `
"[103m[30m6[39m[49m [96m10[39m [32m12[39m [35m0[39m [103m[30m6[39m[49m
[104m[30m2[39m[49m [96m10[39m  [94m3[39m [33m7[39m [46m[30m4[39m[49m
[94m3[39m  [94m3[39m  [94m3[39m [106m[30m5[39m[49m [36m8[39m
[104m[30m2[39m[49m [96m10[39m  [36m8[39m [46m[30m4[39m[49m [35m0[39m
[46m[30m4[39m[49m  [35m0[39m  [46m[30m4[39m[49m [104m[30m2[39m[49m [46m[30m4[39m[49m"
`;

exports[`Grid renderer simple render 10`] = `
"6 10 12 0 6
2 10  3 7 4
3  3  3 5 8
2 10  8 4 0
4  0  4 2 4"
`;

exports[`Grid renderer simple render 11`] = `
"[96m1[39m  [106m[30m7[39m[49m [91m10[39m [33m13[39m [92m12[39m  [95m6[39m [92m12[39m [33m13[39m [91m10[39m  [96m1[39m
[35m8[39m  [36m4[39m  [95m6[39m  [42m[30m0[39m[49m [33m13[39m  [106m[30m7[39m[49m  [95m6[39m [92m12[39m  [35m8[39m  [93m2[39m
[43m[30m5[39m[49m [92m12[39m [46m[30m11[39m[49m  [95m6[39m [33m13[39m  [43m[30m5[39m[49m  [45m[30m9[39m[49m  [42m[30m0[39m[49m [46m[30m11[39m[49m  [36m4[39m
[42m[30m0[39m[49m [32m14[39m  [43m[30m5[39m[49m  [96m1[39m [46m[30m11[39m[49m [32m14[39m  [44m[30m3[39m[49m [91m10[39m  [44m[30m3[39m[49m  [106m[30m7[39m[49m
[35m8[39m  [45m[30m9[39m[49m  [44m[30m3[39m[49m [46m[30m11[39m[49m [34m15[39m  [93m2[39m  [45m[30m9[39m[49m [33m13[39m  [95m6[39m [34m15[39m"
`;

exports[`Grid renderer simple render 12`] = `
"1  7 10 13 12  6 12 13 10  1
8  4  6  0 13  7  6 12  8  2
5 12 11  6 13  5  9  0 11  4
0 14  5  1 11 14  3 10  3  7
8  9  3 11 15  2  9 13  6 15"
`;

exports[`Grid renderer simple render 13`] = `
"[95m10[39m [102m[30m11[39m[49m  [45m[30m8[39m[49m  [31m1[39m  [91m5[39m
[34m15[39m  [36m9[39m [33m14[39m  [105m[30m4[39m[49m  [46m[30m6[39m[49m
[34m15[39m  [35m2[39m [33m14[39m  [44m[30m7[39m[49m  [105m[30m4[39m[49m
 [36m9[39m [92m13[39m [106m[30m12[39m[49m  [105m[30m4[39m[49m  [35m2[39m
 [45m[30m8[39m[49m [95m10[39m [106m[30m12[39m[49m [95m10[39m  [35m2[39m
 [101m[30m3[39m[49m [33m14[39m [92m13[39m [92m13[39m  [93m0[39m
 [91m5[39m [102m[30m11[39m[49m  [46m[30m6[39m[49m  [101m[30m3[39m[49m  [101m[30m3[39m[49m
 [31m1[39m  [105m[30m4[39m[49m  [101m[30m3[39m[49m  [105m[30m4[39m[49m  [105m[30m4[39m[49m
[106m[30m12[39m[49m  [44m[30m7[39m[49m  [101m[30m3[39m[49m  [93m0[39m [92m13[39m
 [105m[30m4[39m[49m [106m[30m12[39m[49m  [44m[30m7[39m[49m  [91m5[39m [33m14[39m"
`;

exports[`Grid renderer simple render 14`] = `
"10 11  8  1  5
15  9 14  4  6
15  2 14  7  4
 9 13 12  4  2
 8 10 12 10  2
 3 14 13 13  0
 5 11  6  3  3
 1  4  3  4  4
12  7  3  0 13
 4 12  7  5 14"
`;

exports[`Grid renderer simple render 15`] = `
"[96m13[39m [96m13[39m  [41m[30m0[39m[49m [96m13[39m  [92m8[39m [101m[30m15[39m[49m  [103m[30m1[39m[49m [101m[30m15[39m[49m [33m14[39m [95m11[39m
[95m11[39m  [34m3[39m  [34m3[39m  [32m6[39m [96m13[39m  [42m[30m7[39m[49m [95m11[39m [101m[30m15[39m[49m  [31m4[39m [35m12[39m
[101m[30m15[39m[49m  [32m6[39m  [41m[30m0[39m[49m  [31m4[39m  [103m[30m1[39m[49m  [42m[30m7[39m[49m  [31m4[39m  [93m2[39m [95m11[39m [33m14[39m
 [42m[30m7[39m[49m [95m11[39m  [41m[30m0[39m[49m [96m13[39m  [34m3[39m  [41m[30m0[39m[49m  [34m3[39m  [31m4[39m  [104m[30m5[39m[49m  [103m[30m1[39m[49m
 [42m[30m7[39m[49m  [104m[30m5[39m[49m  [43m[30m9[39m[49m [33m14[39m  [104m[30m5[39m[49m  [34m3[39m  [34m3[39m [106m[30m10[39m[49m  [93m2[39m  [43m[30m9[39m[49m
 [41m[30m0[39m[49m  [104m[30m5[39m[49m  [43m[30m9[39m[49m [35m12[39m  [41m[30m0[39m[49m  [103m[30m1[39m[49m  [93m2[39m  [32m6[39m [96m13[39m [101m[30m15[39m[49m
 [92m8[39m [106m[30m10[39m[49m [106m[30m10[39m[49m  [92m8[39m  [92m8[39m [35m12[39m [33m14[39m  [93m2[39m [33m14[39m  [93m2[39m
 [92m8[39m  [93m2[39m  [92m8[39m  [104m[30m5[39m[49m [96m13[39m  [32m6[39m  [32m6[39m  [32m6[39m [106m[30m10[39m[49m  [93m2[39m
[95m11[39m  [104m[30m5[39m[49m  [34m3[39m  [41m[30m0[39m[49m [35m12[39m  [103m[30m1[39m[49m [95m11[39m [33m14[39m  [43m[30m9[39m[49m  [43m[30m9[39m[49m
[35m12[39m  [31m4[39m [35m12[39m  [103m[30m1[39m[49m  [31m4[39m  [43m[30m9[39m[49m [35m12[39m [101m[30m15[39m[49m [106m[30m10[39m[49m  [42m[30m7[39m[49m"
`;

exports[`Grid renderer simple render 16`] = `
"13 13  0 13  8 15  1 15 14 11
11  3  3  6 13  7 11 15  4 12
15  6  0  4  1  7  4  2 11 14
 7 11  0 13  3  0  3  4  5  1
 7  5  9 14  5  3  3 10  2  9
 0  5  9 12  0  1  2  6 13 15
 8 10 10  8  8 12 14  2 14  2
 8  2  8  5 13  6  6  6 10  2
11  5  3  0 12  1 11 14  9  9
12  4 12  1  4  9 12 15 10  7"
`;
