// Jest Snapshot v1, https://goo.gl/fbAQLP

exports[`grid class can be displayed in the cli 1`] = `""`;
