// Jest Snapshot v1, https://goo.gl/fbAQLP

exports[`naively generated grid (w 5 h 5 r 4) looks fine 1`] = `
"+---+---+---+---+---+
| 0   0   0 | 3 | 0 |
+---        +---+---+
| 2 | 0   0 | 1   1 |
+---    +---+---+---+
| 3 | 0 | 2 | 3 | 2
+---+---+---+---+---+
| 2 | 3 | 1 | 2 | 3 |
+---+---    +---+---+
| 1   1   1 | 3 | 0 |
+---+---+---+---+---+

room 0 size=8 cells=0,1,2,4,6,7,11,24
room 1 size=6 cells=8,9,17,20,21,22
room 2 size=5 cells=5,12,14,15,18
room 3 size=6 cells=3,10,13,16,19,23"
`;

exports[`naively generated grid (w 5 h 8 r 8) looks fine 1`] = `
"+---+---+---+---+---+
| 2 | 0   0 | 4 | 6
+---+---+---+---+---+
| 6 | 1 | 6 | 5   5 |
+---    +---+---+---+
| 2 | 1 | 7 | 4 | 7
+---+---    +---+---+
| 7 | 6 | 7 | 3 | 0 |
+---+---+---+---+---+
| 1 | 0 | 3 | 6 | 4
+---+---+---+---    |
| 4 | 1 | 7 | 5 | 4 |
+---+---+---+---+---+
| 0 | 3 | 5 | 2   2 |
+---+---+---+---+---+
| 3 | 7 | 6   6 | 5 |
+---+---+---+---+---+

room 0 size=5 cells=1,2,19,21,30
room 1 size=4 cells=6,11,20,26
room 2 size=4 cells=0,10,33,34
room 3 size=4 cells=18,22,31,35
room 4 size=5 cells=3,13,24,25,29
room 5 size=5 cells=8,9,28,32,39
room 6 size=7 cells=4,5,7,16,23,37,38
room 7 size=6 cells=12,14,15,17,27,36"
`;

exports[`naively generated grid (w 8 h 5 r 12) looks fine 1`] = `
"+----+----+---+----+---+---+---+---+
| 6  | 3  | 6 | 10 | 4 | 5 | 4 | 5 |
+----+----+---     +---+---+---+---+
| 0  | 9  | 1 | 10 | 2 | 4 | 7 | 1 |
+----+----+---+----+---+---+---+---+
| 11   11 | 5 | 3  | 6   6 | 8   8
+----+----+---+----+---+---+---+---+
| 8  | 3  | 1 | 9  | 5 | 2 | 9 | 4 |
+----+----+---+----    +---+---+---+
| 7  | 8  | 2 | 0  | 5 | 9 | 2 | 7 |
+----+----+---+----+---+---+---+---+

room 0 size=2 cells=8,35
room 1 size=3 cells=10,15,26
room 2 size=4 cells=12,29,34,38
room 3 size=3 cells=1,19,25
room 4 size=4 cells=4,6,13,31
room 5 size=5 cells=5,7,18,28,36
room 6 size=4 cells=0,2,20,21
room 7 size=3 cells=14,32,39
room 8 size=4 cells=22,23,24,33
room 9 size=4 cells=9,27,30,37
room 10 size=2 cells=3,11
room 11 size=2 cells=16,17"
`;

exports[`naively generated grid (w 8 h 8 r 20) looks fine 1`] = `
"+----+----+----+----+----+----+----+----+
| 15 | 18 | 11 | 12 | 16 | 9  | 17 | 13 |
+----+----+----+----+----+----+----+----+
| 6  | 5  | 0  | 10 | 7  | 4  | 14 | 7  |
+----+----+----+----+----+----+----+----+
| 18 | 14 | 8  | 17 | 3  | 5  | 8  | 3  |
+    +----+----+----+----+----+----+----+
| 18 | 13 | 1  | 0  | 19 | 10 | 15 | 9  |
+    +----+----+----+----+----     +----+
| 18 | 4  | 15   15 | 6  | 16 | 15 | 12 |
+----+----+----+----+----+----+----+----+
| 2  | 15 | 9  | 19 | 2  | 12 | 4  | 18 |
+----+----+----+----+----+----+----+----+
| 17 | 10 | 14 | 6  | 17 | 4  | 1  | 9  |
+----+----+----+----+----+----+----+----+
| 1  | 7  | 13 | 14 | 8  | 6  | 8  | 11 |
+----+----+----+----+----+----+----+----+

room 0 size=2 cells=10,27
room 1 size=3 cells=26,54,56
room 2 size=2 cells=40,44
room 3 size=2 cells=20,23
room 4 size=4 cells=13,33,46,53
room 5 size=2 cells=9,21
room 6 size=4 cells=8,36,51,61
room 7 size=3 cells=12,15,57
room 8 size=4 cells=18,22,60,62
room 9 size=4 cells=5,31,42,55
room 10 size=3 cells=11,29,49
room 11 size=2 cells=2,63
room 12 size=3 cells=3,39,45
room 13 size=3 cells=7,25,58
room 14 size=4 cells=14,17,50,59
room 15 size=6 cells=0,30,34,35,38,41
room 16 size=2 cells=4,37
room 17 size=4 cells=6,19,48,52
room 18 size=5 cells=1,16,24,32,47
room 19 size=2 cells=28,43"
`;
